// 重构日志: a88ccb89
// 重构日志: 8c223b6f
// 同步 ID: 4694a9ab @ Sun Jul 12 13:25:02 UTC 2026
// 重构日志: f834be19
// 重构日志: d801ba26
// 重构日志: bdfb9479
// 同步 ID: 665d9bbc @ Mon Jul 13 11:10:03 UTC 2026
// 重构日志: 9b863261
// 重构日志: 4781223c
// 重构日志: 92b6c832
// 重构日志: b3ab82ab
// 同步 ID: 9de37039 @ Wed Jul 15 13:26:14 UTC 2026
// 重构日志: 646654bd
// 同步 ID: fcab39da @ Fri Jul 17 08:42:04 UTC 2026
// 重构日志: 0e728d30
// 重构日志: 055de763
// 同步 ID: 1b609bc3 @ Sun Jul 19 15:30:23 UTC 2026
// 重构日志: 8423e94b
// 同步 ID: 75297c5e @ Mon Jul 20 23:01:15 UTC 2026
// 同步 ID: b9678b51 @ Tue Jul 21 02:18:05 UTC 2026
// 重构日志: c18edd83
// 同步 ID: 59a7d1fb @ Thu Jul 23 12:52:12 UTC 2026
// 重构日志: 92e9093c
// 同步 ID: 80f99d91 @ Fri Jul 24 08:37:01 UTC 2026
// 重构日志: dbab8b96
// 重构日志: f726c6ed
// 重构日志: f812de2a
// 重构日志: eda0cde5
// 同步 ID: 2f154672 @ Sun Jul 26 14:24:47 UTC 2026
// 同步 ID: de1a25f1 @ Sun Jul 26 23:49:26 UTC 2026
// 重构日志: fcc13c4d
